[digitonaut.com/art/ultrawave/index.html]
[digitonaut.com/art/uncolor/index.html]
[digitonaut.com/art/underwater_forest/index.html]
[backblue.gif]
[fade.gif]
[index.html]
[digitonaut.com/art/underwater_sun/index.html]
[digitonaut.com/art/underwater_stained_glass/index.html]
[digitonaut.com/art/ultrawave/shader-web-background.min.js]
[digitonaut.com/art/ultrawave/index.html]
[digitonaut.com/art/unlimited_confectionery/index.html]
[digitonaut.com/art/uncolor/requestAnimationFrame.min.js]
[digitonaut.com/art/urban_city/index.html]
[digitonaut.com/art/uncolor/proton.min.js]
[digitonaut.com/art/uncolor/index.html]
[digitonaut.com/art/underwater_forest/shader-web-background.min.js]
[digitonaut.com/art/underwater_forest/index.html]
[digitonaut.com/art/underwater_stained_glass/shader-web-background.min.js]
[digitonaut.com/art/underwater_stained_glass/index.html]
[digitonaut.com/art/underwater_sun/index.html]
[digitonaut.com/art/underwater_sun/script.js]
[digitonaut.com/art/unlimited_confectionery/index.html]
[digitonaut.com/art/unlimited_confectionery/shader-web-background.min.js]
[digitonaut.com/art/urban_city/index.html]
[digitonaut.com/art/underwater_sun/style.css]
[digitonaut.com/art/urban_city/main.js]
[digitonaut.com/art/underwater_sun/88_three.min.js]
[digitonaut.com/art/urban_city/main.css]
[digitonaut.com/art/urban_city/three.min.js]
